#
# A fatal error has been detected by the Java Runtime Environment:
#
#  EXCEPTION_ACCESS_VIOLATION (0xc0000005) at pc=0x00007ffcf491c7ff, pid=5036, tid=1452
#
# JRE version:  (21.0.10+7) (build )
# Java VM: OpenJDK 64-Bit Server VM (21.0.10+7-LTS, mixed mode, sharing, tiered, compressed oops, compressed class ptrs, parallel gc, windows-amd64)
# Problematic frame:
# V  [jvm.dll+0x31c7ff]
#
# No core dump will be written. Minidumps are not enabled by default on client versions of Windows
#
#

---------------  S U M M A R Y ------------

Command Line: --add-modules=ALL-SYSTEM --add-opens=java.base/java.util=ALL-UNNAMED --add-opens=java.base/java.lang=ALL-UNNAMED --add-opens=java.base/sun.nio.fs=ALL-UNNAMED -Declipse.application=org.eclipse.jdt.ls.core.id1 -Dosgi.bundles.defaultStartLevel=4 -Declipse.product=org.eclipse.jdt.ls.core.product -Djava.import.generatesMetadataFilesAtProjectRoot=false -DDetectVMInstallationsJob.disabled=true -Dfile.encoding=utf8 -XX:+UseParallelGC -XX:GCTimeRatio=4 -XX:AdaptiveSizePolicyWeight=90 -Dsun.zip.disableMemoryMapping=true -Xmx2G -Xms100m -Xlog:disable -javaagent:c:\Users\MIGUEL DOLIC\.antigravity\extensions\redhat.java-1.54.0-win32-x64\lombok\lombok-1.18.39-4050.jar c:\Users\MIGUEL DOLIC\.antigravity\extensions\redhat.java-1.54.0-win32-x64\server\plugins\org.eclipse.equinox.launcher_1.7.100.v20251111-0406.jar -configuration c:\Users\MIGUEL DOLIC\AppData\Roaming\Antigravity\User\globalStorage\redhat.java\1.54.0\config_ss_win -data c:\Users\MIGUEL DOLIC\AppData\Roaming\Antigravity\User\workspaceStorage\fb0a5e96052b0783de766bc45b650d95\redhat.java\ss_ws --pipe=\\.\pipe\lsp-74d4045eea0a2e9351535a58ceed6ae5-sock

Host: AMD Ryzen 5 4500U with Radeon Graphics         , 6 cores, 15G,  Windows 11 , 64 bit Build 26100 (10.0.26100.7920)
Time: Wed May 13 18:15:17 2026 Hora est. Pacífico, Sudamérica elapsed time: 0.096134 seconds (0d 0h 0m 0s)

---------------  T H R E A D  ---------------

Current thread (0x000001fc952f9640):  JavaThread "main"             [_thread_in_vm, id=1452, stack(0x0000000434600000,0x0000000434700000) (1024K)]

Stack: [0x0000000434600000,0x0000000434700000],  sp=0x00000004346feba0,  free space=1018k
Native frames: (J=compiled Java code, j=interpreted, Vv=VM code, C=native code)
V  [jvm.dll+0x31c7ff]
V  [jvm.dll+0x3e099d]
V  [jvm.dll+0x3e019a]
C  0x000001fca1df78f5

The last pc belongs to invokevirtual (printed below).
Java frames: (J=compiled Java code, j=interpreted, Vv=VM code)
j  java.nio.charset.CharsetEncoder.onMalformedInput(Ljava/nio/charset/CodingErrorAction;)Ljava/nio/charset/CharsetEncoder;+21 java.base
j  sun.nio.cs.StreamEncoder.<init>(Ljava/io/OutputStream;Ljava/lang/Object;Ljava/nio/charset/Charset;)V+10 java.base
j  sun.nio.cs.StreamEncoder.forOutputStreamWriter(Ljava/io/OutputStream;Ljava/lang/Object;Ljava/nio/charset/Charset;)Lsun/nio/cs/StreamEncoder;+7 java.base
j  java.io.OutputStreamWriter.<init>(Ljava/io/OutputStream;Ljava/nio/charset/Charset;)V+26 java.base
j  java.io.PrintStream.<init>(Ljava/io/OutputStream;ZLjava/nio/charset/Charset;)V+27 java.base
j  java.lang.System.newPrintStream(Ljava/io/OutputStream;Ljava/lang/String;)Ljava/io/PrintStream;+27 java.base
j  java.lang.System.initPhase1()V+147 java.base
v  ~StubRoutines::call_stub 0x000001fca1de100d

siginfo: EXCEPTION_ACCESS_VIOLATION (0xc0000005), reading address 0x00000004347000b0


Registers:
RAX=0x00000004347000b0, RBX=0x00000004346fec88, RCX=0x00000004346fec88, RDX=0x0000000000000245
RSP=0x00000004346feba0, RBP=0x00000004346fecf0, RSI=0x000001fc953bab70, RDI=0x000001fc952f9640
R8 =0x00000004346fee88, R9 =0x000001fcae714c58, R10=0x000001fca1de0000, R11=0x0000000000000004
R12=0x000001fc976ae1b0, R13=0x000001fcae715f2d, R14=0x00000000000000b6, R15=0x000001fc976ae1a0
RIP=0x00007ffcf491c7ff, EFLAGS=0x0000000000010246

XMM[0]=0x3b3b3b3b3b3b3b3b 0x3b3b3b3b3b3b3b3b
XMM[1]=0x0000000000000000 0x000000ff00000000
XMM[2]=0x0000000000000000 0x0000000000000000
XMM[3]=0x0000000000000000 0x0000000000000000
XMM[4]=0x0000000000000000 0x0000000000000000
XMM[5]=0x0000000000000000 0x0000000000000000
XMM[6]=0x0000000000000000 0x0000000000000000
XMM[7]=0x0000000000000000 0x0000000000000000
XMM[8]=0x0000000000000000 0x0000000000000000
XMM[9]=0x0000000000000000 0x0000000000000000
XMM[10]=0x0000000000000000 0x0000000000000000
XMM[11]=0x0000000000000000 0x0000000000000000
XMM[12]=0x0000000000000000 0x0000000000000000
XMM[13]=0x0000000000000000 0x0000000000000000
XMM[14]=0x0000000000000000 0x0000000000000000
XMM[15]=0x0000000000000000 0x0000000000000000
  MXCSR=0x00001fa0


Register to memory mapping:

RAX=0x00000004347000b0 is an unknown value
RBX=0x00000004346fec88 is pointing into the stack for thread: 0x000001fc952f9640
RCX=0x00000004346fec88 is pointing into the stack for thread: 0x000001fc952f9640
RDX=0x0000000000000245 is an unknown value
RSP=0x00000004346feba0 is pointing into the stack for thread: 0x000001fc952f9640
RBP=0x00000004346fecf0 is pointing into the stack for thread: 0x000001fc952f9640
RSI=0x000001fc953bab70 points into unknown readable memory: 0x706d692e61766102 | 02 61 76 61 2e 69 6d 70
RDI=0x000001fc952f9640 is a thread
R8 =0x00000004346fee88 is pointing into the stack for thread: 0x000001fc952f9640
R9 =0x000001fcae714c58 is pointing into metadata
R10=0x000001fca1de0000 points into unknown readable memory: 0x0000000000000006 | 06 00 00 00 00 00 00 00
R11=0x0000000000000004 is an unknown value
R12=0x000001fc976ae1b0 points into unknown readable memory: 0x004c005000450052 | 52 00 45 00 50 00 4c 00
R13=0x000001fcae715f2d is pointing into metadata
R14=0x00000000000000b6 is an unknown value
R15=0x000001fc976ae1a0 points into unknown readable memory: 0x0000000000000000 | 00 00 00 00 00 00 00 00

Top of Stack: (sp=0x00000004346feba0)
0x00000004346feba0:   000001fcae0bfc88 00000004346fec88
0x00000004346febb0:   000001fc952f9640 00007ffcf4748cfe
0x00000004346febc0:   000001fcae4f6480 0000000400000000
0x00000004346febd0:   0000000000000000 000001fc00000245
0x00000004346febe0:   000001fcae0bfc88 00007ffcf49e099d
0x00000004346febf0:   000001fc952f9640 0000000000000000
0x00000004346fec00:   00000004346fed50 00007ffcf48824c4
0x00000004346fec10:   0000000000000000 000001fcae832dd2
0x00000004346fec20:   000001fcae0bfc88 000001fc952f9640
0x00000004346fec30:   0000000000000000 00007ffc000a0101
0x00000004346fec40:   000001fc952f9640 00007ffcf49e0cb8
0x00000004346fec50:   000001fcae715f2d 000001fc000000b6
0x00000004346fec60:   000001fcae0bfc88 0000000000000000
0x00000004346fec70:   0000010000000000 00000004346feee0
0x00000004346fec80:   00000004346fee88 00000004346fee88
0x00000004346fec90:   000001fca1df789d 000001fca1de7e90
0x00000004346feca0:   0000000000000000 0000010000000000
0x00000004346fecb0:   00000004346feee0 00000004346fee88
0x00000004346fecc0:   000001fcae1bd2a0 0000000000000000
0x00000004346fecd0:   0000000000000000 00000004346fef60
0x00000004346fece0:   00000004346feef0 00000004346feef0
0x00000004346fecf0:   000001fc952f9640 0000000000000001
0x00000004346fed00:   000001fc952f9640 000001fcae715f2d
0x00000004346fed10:   00000004346feef8 000001fc952f9640
0x00000004346fed20:   0000000000000000 00000000000000b6
0x00000004346fed30:   00000004346fedf9 00007ffcf49e019a
0x00000004346fed40:   000001fcae0bfc88 0000000000000000
0x00000004346fed50:   00000000000003d8 000001fc976ae588
0x00000004346fed60:   00000004346fee20 00007ffcf4c79e3c
0x00000004346fed70:   000001fc976d7c50 000000000000000d
0x00000004346fed80:   0000000000000006 00000000000000b6
0x00000004346fed90:   00000004346fee59 00007ffcf49e019a 

Instructions: (pc=0x00007ffcf491c7ff)
0x00007ffcf491c6ff:   cc 48 8b 41 28 48 8b 8a f8 04 00 00 48 83 c0 10
0x00007ffcf491c70f:   48 03 0d 52 7b 9a 00 48 03 0d 43 7b 9a 00 48 03
0x00007ffcf491c71f:   0d 34 7b 9a 00 48 39 82 38 03 00 00 76 09 48 3b
0x00007ffcf491c72f:   c1 72 04 48 8b 00 c3 33 c0 c3 cc cc cc cc cc cc
0x00007ffcf491c73f:   cc 48 8b 41 28 48 8b 48 10 48 8b 41 20 48 85 c0
0x00007ffcf491c74f:   0f 94 c0 c3 cc cc cc cc cc cc cc cc cc cc cc cc
0x00007ffcf491c75f:   cc 48 8b 41 10 8b 80 4c 01 00 00 99 83 e2 07 03
0x00007ffcf491c76f:   c2 c1 f8 03 48 63 d0 48 8b 01 48 8d 04 d0 c3 cc
0x00007ffcf491c77f:   cc 48 8b 41 10 8b 80 48 01 00 00 99 83 e2 07 03
0x00007ffcf491c78f:   c2 c1 f8 03 48 63 d0 48 8b 01 48 8b 04 d0 c3 cc
0x00007ffcf491c79f:   cc 40 53 48 83 ec 20 48 63 51 28 48 8b d9 48 8b
0x00007ffcf491c7af:   41 78 48 03 d2 48 83 c1 30 4c 8b 43 68 48 8b 54
0x00007ffcf491c7bf:   d0 08 e8 3a f6 ff ff 48 8b 4b 20 48 8b d0 4c 8b
0x00007ffcf491c7cf:   01 48 83 c4 20 5b 49 ff 60 08 cc cc cc cc cc cc
0x00007ffcf491c7df:   cc 40 53 48 83 ec 40 48 8b d9 48 8d 4c 24 20 e8
0x00007ffcf491c7ef:   9d 38 48 00 8b 54 24 38 48 8b cb e8 e1 21 00 00
0x00007ffcf491c7ff:   48 8b 00 48 83 c4 40 5b c3 cc cc cc cc cc cc cc
0x00007ffcf491c80f:   cc 40 53 48 83 ec 20 48 8b 41 28 48 8b d9 48 8b
0x00007ffcf491c81f:   50 c0 48 8b 48 e8 e8 f6 79 36 00 48 8b 4b 28 48
0x00007ffcf491c82f:   8b d0 48 8b 49 e8 48 83 c4 20 5b e9 b1 79 36 00
0x00007ffcf491c83f:   cc 48 8b 41 28 48 8b 50 c0 48 8b 48 e8 e9 cf 79
0x00007ffcf491c84f:   36 00 cc cc cc cc cc cc cc cc cc cc cc cc cc cc
0x00007ffcf491c85f:   cc 40 53 48 83 ec 20 8b da e8 63 1f 00 00 f7 db
0x00007ffcf491c86f:   48 63 cb 48 8d 04 c8 48 83 c0 f8 48 83 c4 20 5b
0x00007ffcf491c87f:   c3 40 53 48 83 ec 20 48 8b d9 e8 42 1f 00 00 80
0x00007ffcf491c88f:   7b 24 00 4c 8b 43 28 48 8d 50 f8 74 0a 49 8b 40
0x00007ffcf491c89f:   f0 4d 8d 04 c0 eb 04 4d 8b 40 f0 4d 85 c0 75 03
0x00007ffcf491c8af:   4c 8b 03 49 2b d0 48 c1 fa 03 8d 42 01 48 83 c4
0x00007ffcf491c8bf:   20 5b c3 cc cc cc cc cc cc cc cc cc cc cc cc cc
0x00007ffcf491c8cf:   cc 4c 8b 41 28 f7 da 48 63 c2 49 8b 48 c8 48 03
0x00007ffcf491c8df:   c8 49 8d 04 c8 c3 cc cc cc cc cc cc cc cc cc cc
0x00007ffcf491c8ef:   cc 48 8b 41 28 48 8b 40 d8 c3 cc cc cc cc cc cc 


Stack slot to memory mapping:

stack at sp + 0 slots: {method} {0x000001fcae0bfc90} 'onMalformedInput' '(Ljava/nio/charset/CodingErrorAction;)Ljava/nio/charset/CharsetEncoder;' in 'java/nio/charset/CharsetEncoder'
stack at sp + 1 slots: 0x00000004346fec88 is pointing into the stack for thread: 0x000001fc952f9640
stack at sp + 2 slots: 0x000001fc952f9640 is a thread
stack at sp + 3 slots: 0x00007ffcf4748cfe jvm.dll
stack at sp + 4 slots: 0x000001fcae4f6480 is pointing into metadata
stack at sp + 5 slots: 0x0000000400000000 is an unknown value
stack at sp + 6 slots: 0x0 is null
stack at sp + 7 slots: 0x000001fc00000245 is an unknown value

invokevirtual  182 invokevirtual  [0x000001fca1df7840, 0x000001fca1df7d10]  1232 bytes
[MachCode]
  0x000001fca1df7840: 4883 ec08 | c5fa 1104 | 24eb 1f48 | 83ec 10c5 | fb11 0424 | eb14 4883 | ec10 4889 | 0424 48c7 
  0x000001fca1df7860: 4424 0800 | 0000 00eb | 0150 4c89 | 6dc0 410f | b755 0148 | 8b4d d0c1 | e202 8b5c | d138 c1eb 
  0x000001fca1df7880: 1881 e3ff | 0000 0081 | fbb6 0000 | 000f 84b4 | 0000 00bb | b600 0000 | e805 0000 | 00e9 9900 
  0x000001fca1df78a0: 0000 488b | d348 8d44 | 2408 4c89 | 6dc0 498b | cfc5 f877 | 4989 afb0 | 0300 0049 | 8987 a003 
  0x000001fca1df78c0: 0000 4883 | ec20 40f6 | c40f 0f84 | 1900 0000 | 4883 ec08 | 48b8 3001 | 9ef4 fc7f | 0000 ffd0 
  0x000001fca1df78e0: 4883 c408 | e90c 0000 | 0048 b830 | 019e f4fc | 7f00 00ff | d048 83c4 | 2049 c787 | a003 0000 
  0x000001fca1df7900: 0000 0000 | 49c7 87b0 | 0300 0000 | 0000 0049 | c787 a803 | 0000 0000 | 0000 c5f8 | 7749 837f 
  0x000001fca1df7920: 0800 0f84 | 0500 0000 | e9d3 95fe | ff4c 8b6d | c04c 8b75 | c84e 8d74 | f500 c341 | 0fb7 5501 
  0x000001fca1df7940: 488b 4dd0 | c1e2 0248 | 8b5c d148 | 8b54 d150 | 8bca 81e1 | ff00 0000 | 488b 4ccc | f844 8bea 
  0x000001fca1df7960: c1ea 1c49 | ba20 e42c | f5fc 7f00 | 0049 8b14 | d252 418b | d54c 8b6d | c08b c225 | 0000 1000 
  0x000001fca1df7980: 0f84 7801 | 0000 483b | 0148 8b45 | d848 85c0 | 0f84 1200 | 0000 4883 | 4008 0148 | 8358 0800 
  0x000001fca1df79a0: 4883 c038 | 4889 45d8 | 488b 45d8 | 4885 c00f | 843d 0100 | 0080 78c8 | 0b0f 8533 | 0100 0048 
  0x000001fca1df79c0: 83c0 084c | 8b68 f841 | 83ed 0041 | 83fd 020f | 8c12 0100 | 004c 8b6b | 0845 0fb7 | 6d2e 4c2b 
  0x000001fca1df79e0: 2841 83ed | 014e 8b6c | ec08 4d85 | ed75 0ef6 | 4008 0175 | 58f0 4883 | 4808 01eb | 5045 8b6d 
  0x000001fca1df7a00: 0849 ba00 | 0000 aefc | 0100 004d | 03ea 4d8b | d54c 3368 | 0849 f7c5 | fcff ffff | 742f 41f6 
  0x000001fca1df7a20: c502 7529 | 4883 7808 | 0074 1e48 | 8378 0801 | 7417 4d8b | ea4c 3368 | 0849 f7c5 | fcff ffff 
  0x000001fca1df7a40: 740b 4883 | 4808 02eb | 044c 8968 | 0848 83c0 | 104c 8b68 | e841 83ed | 0241 83fd | 020f 8c84 
  0x000001fca1df7a60: 0000 004c | 8b6b 0845 | 0fb7 6d2e | 4c2b 2841 | 83ed 014e | 8b6c ec08 | 4d85 ed75 | 0ef6 4008 
  0x000001fca1df7a80: 0175 58f0 | 4883 4808 | 01eb 5045 | 8b6d 0849 | ba00 0000 | aefc 0100 | 004d 03ea | 4d8b d54c 
  0x000001fca1df7aa0: 3368 0849 | f7c5 fcff | ffff 742f | 41f6 c502 | 7529 4883 | 7808 0074 | 1e48 8378 | 0801 7417 
  0x000001fca1df7ac0: 4d8b ea4c | 3368 0849 | f7c5 fcff | ffff 740b | 4883 4808 | 02eb 044c | 8968 0848 | 83c0 104c 
  0x000001fca1df7ae0: 8b68 d841 | 83ed 0441 | c1e5 0349 | 03c5 4889 | 45d8 4c8d | 6c24 084c | 896d f0ff | 6350 8b41 
  0x000001fca1df7b00: 0849 ba00 | 0000 aefc | 0100 0049 | 03c2 4c8b | 75d8 4d85 | f60f 8495 | 0000 0049 | 8b56 1848 
  0x000001fca1df7b20: 3bd0 0f85 | 0f00 0000 | 4983 4620 | 0149 835e | 2000 e971 | 0000 0048 | 85d2 0f84 | 4200 0000 
  0x000001fca1df7b40: 498b 5628 | 483b d00f | 850f 0000 | 0049 8346 | 3001 4983 | 5e30 00e9 | 4c00 0000 | 4885 d274 
  0x000001fca1df7b60: 0f49 8346 | 0801 4983 | 5e08 00e9 | 3800 0000 | 4989 4628 | ba01 0000 | 0049 8956 | 30e9 2600 
  0x000001fca1df7b80: 0000 493b | 4628 0f85 | 0f00 0000 | 4983 4630 | 0149 835e | 3000 e90d | 0000 0049 | 8946 18ba 
  0x000001fca1df7ba0: 0100 0000 | 4989 5620 | 4983 c638 | 4c89 75d8 | 488b 9cd8 | d001 0000 | 488b 55d8 | 4885 d20f 
  0x000001fca1df7bc0: 843d 0100 | 0080 7ac8 | 0b0f 8533 | 0100 0048 | 83c2 084c | 8b6a f841 | 83ed 0041 | 83fd 020f 
  0x000001fca1df7be0: 8c12 0100 | 004c 8b6b | 0845 0fb7 | 6d2e 4c2b | 2a41 83ed | 014e 8b6c | ec08 4d85 | ed75 0ef6 
  0x000001fca1df7c00: 4208 0175 | 58f0 4883 | 4a08 01eb | 5045 8b6d | 0849 ba00 | 0000 aefc | 0100 004d | 03ea 4d8b 
  0x000001fca1df7c20: d54c 336a | 0849 f7c5 | fcff ffff | 742f 41f6 | c502 7529 | 4883 7a08 | 0074 1e48 | 837a 0801 
  0x000001fca1df7c40: 7417 4d8b | ea4c 336a | 0849 f7c5 | fcff ffff | 740b 4883 | 4a08 02eb | 044c 896a | 0848 83c2 
  0x000001fca1df7c60: 104c 8b6a | e841 83ed | 0241 83fd | 020f 8c84 | 0000 004c | 8b6b 0845 | 0fb7 6d2e | 4c2b 2a41 
  0x000001fca1df7c80: 83ed 014e | 8b6c ec08 | 4d85 ed75 | 0ef6 4208 | 0175 58f0 | 4883 4a08 | 01eb 5045 | 8b6d 0849 
  0x000001fca1df7ca0: ba00 0000 | aefc 0100 | 004d 03ea | 4d8b d54c | 336a 0849 | f7c5 fcff | ffff 742f | 41f6 c502 
  0x000001fca1df7cc0: 7529 4883 | 7a08 0074 | 1e48 837a | 0801 7417 | 4d8b ea4c | 336a 0849 | f7c5 fcff | ffff 740b 
  0x000001fca1df7ce0: 4883 4a08 | 02eb 044c | 896a 0848 | 83c2 104c | 8b6a d841 | 83ed 0441 | c1e5 0349 | 03d5 4889 
  0x000001fca1df7d00: 55d8 4c8d | 6c24 084c | 896d f0ff | 6350 6690 
[/MachCode]

---------------  P R O C E S S  ---------------

Threads class SMR info:
_java_thread_list=0x000001fc9771aa20, length=1, elements={
0x000001fc952f9640
}

Java Threads: ( => current thread )
=>0x000001fc952f9640 JavaThread "main"                              [_thread_in_vm, id=1452, stack(0x0000000434600000,0x0000000434700000) (1024K)]
Total: 1

Other Threads:
  0x000001fc975e0a80 VMThread "VM Thread"                           [id=18008, stack(0x0000000434900000,0x0000000434a00000) (1024K)]
  0x000001fc9753ca00 WatcherThread "VM Periodic Task Thread"        [id=4716, stack(0x0000000434800000,0x0000000434900000) (1024K)]
  0x000001fc976cb180 WorkerThread "GC Thread#0"                     [id=14004, stack(0x0000000434700000,0x0000000434800000) (1024K)]
Total: 3

Threads with active compile tasks:
Total: 0

VM state: not at safepoint (normal execution)

VM Mutex/Monitor currently owned by a thread: None

Heap address: 0x0000000080000000, size: 2048 MB, Compressed Oops mode: 32-bit

CDS archive(s) mapped at: [0x000001fcae000000-0x000001fcaeba0000-0x000001fcaeba0000), size 12189696, SharedBaseAddress: 0x000001fcae000000, ArchiveRelocationMode: 1.
Compressed class space mapped at: 0x000001fcaf000000-0x000001fcef000000, reserved size: 1073741824
Narrow klass base: 0x000001fcae000000, Narrow klass shift: 0, Narrow klass range: 0x100000000

GC Precious Log:
 CardTable entry size: 512
 CPUs: 6 total, 6 available
 Memory: 15733M
 Large Page Support: Disabled
 NUMA Support: Disabled
 Compressed Oops: Enabled (32-bit)
 Alignments: Space 512K, Generation 512K, Heap 2M
 Heap Min Capacity: 100M
 Heap Initial Capacity: 100M
 Heap Max Capacity: 2G
 Pre-touch: Disabled
 Parallel Workers: 6

Heap:
 PSYoungGen      total 29696K, used 8147K [0x00000000d5580000, 0x00000000d7680000, 0x0000000100000000)
  eden space 25600K, 31% used [0x00000000d5580000,0x00000000d5d74e28,0x00000000d6e80000)
  from space 4096K, 0% used [0x00000000d7280000,0x00000000d7280000,0x00000000d7680000)
  to   space 4096K, 0% used [0x00000000d6e80000,0x00000000d6e80000,0x00000000d7280000)
 ParOldGen       total 68608K, used 0K [0x0000000080000000, 0x0000000084300000, 0x00000000d5580000)
  object space 68608K, 0% used [0x0000000080000000,0x0000000080000000,0x0000000084300000)
 Metaspace       used 27K, committed 128K, reserved 1114112K
  class space    used 2K, committed 64K, reserved 1048576K

Card table byte_map: [0x000001fc97050000,0x000001fc97460000] _byte_map_base: 0x000001fc96c50000

Marking Bits: (ParMarkBitMap*) 0x00007ffcf52c3450
 Begin Bits: [0x000001fca9b60000, 0x000001fcabb60000)
 End Bits:   [0x000001fcabb60000, 0x000001fcadb60000)

Polling page: 0x000001fc95520000

Metaspace:

Usage:
  Non-class:     25.56 KB used.
      Class:      2.08 KB used.
       Both:     27.64 KB used.

Virtual space:
  Non-class space:       64.00 MB reserved,      64.00 KB ( <1%) committed,  1 nodes.
      Class space:        1.00 GB reserved,      64.00 KB ( <1%) committed,  1 nodes.
             Both:        1.06 GB reserved,     128.00 KB ( <1%) committed. 

Chunk freelists:
   Non-Class:  12.00 MB
       Class:  15.75 MB
        Both:  27.75 MB

MaxMetaspaceSize: unlimited
CompressedClassSpaceSize: 1.00 GB
Initial GC threshold: 21.00 MB
Current GC threshold: 17179869184.00 GB
CDS: on
 - commit_granule_bytes: 65536.
 - commit_granule_words: 8192.
 - virtual_space_node_default_size: 8388608.
 - enlarge_chunks_in_place: 1.
 - use_allocation_guard: 0.


Internal statistics:

num_allocs_failed_limit: 0.
num_arena_births: 2.
num_arena_deaths: 0.
num_vsnodes_births: 2.
num_vsnodes_deaths: 0.
num_space_committed: 2.
num_space_uncommitted: 0.
num_chunks_returned_to_freelist: 0.
num_chunks_taken_from_freelist: 3.
num_chunk_merges: 0.
num_chunk_splits: 2.
num_chunks_enlarged: 0.
num_inconsistent_stats: 0.

CodeHeap 'non-profiled nmethods': size=120000Kb used=0Kb max_used=0Kb free=120000Kb
 bounds [0x000001fca2380000, 0x000001fca25f0000, 0x000001fca98b0000]
CodeHeap 'profiled nmethods': size=120000Kb used=0Kb max_used=0Kb free=120000Kb
 bounds [0x000001fc9a8b0000, 0x000001fc9ab20000, 0x000001fca1de0000]
CodeHeap 'non-nmethods': size=5760Kb used=361Kb max_used=361Kb free=5398Kb
 bounds [0x000001fca1de0000, 0x000001fca2050000, 0x000001fca2380000]
CodeCache: size=245760Kb, used=361Kb, max_used=361Kb, free=245398Kb
 total_blobs=176, nmethods=0, adapters=146, full_count=0
Compilation: enabled, stopped_count=0, restarted_count=0

Compilation events (0 events):
No events

GC Heap History (0 events):
No events

Dll operation events (2 events):
Event: 0.012 Loaded shared library c:\Users\MIGUEL DOLIC\.antigravity\extensions\redhat.java-1.54.0-win32-x64\jre\21.0.10-win32-x86_64\bin\java.dll
Event: 0.088 Loaded shared library c:\Users\MIGUEL DOLIC\.antigravity\extensions\redhat.java-1.54.0-win32-x64\jre\21.0.10-win32-x86_64\bin\zip.dll

Deoptimization events (0 events):
No events

Classes loaded (2 events):
Event: 0.088 Loading class sun/nio/cs/UTF_8$Encoder
Event: 0.089 Loading class sun/nio/cs/UTF_8$Encoder done

Classes unloaded (0 events):
No events

Classes redefined (0 events):
No events

Internal exceptions (0 events):
No events

ZGC Phase Switch (0 events):
No events

VM Operations (0 events):
No events

Memory protections (0 events):
No events

Nmethod flushes (0 events):
No events

Events (1 events):
Event: 0.032 Thread 0x000001fc952f9640 Thread added: 0x000001fc952f9640


Dynamic libraries:
0x00007ff716cf0000 - 0x00007ff716cfe000 	c:\Users\MIGUEL DOLIC\.antigravity\extensions\redhat.java-1.54.0-win32-x64\jre\21.0.10-win32-x86_64\bin\java.exe
0x00007ffdcff40000 - 0x00007ffdd01a7000 	C:\WINDOWS\SYSTEM32\ntdll.dll
0x00007ffdcee20000 - 0x00007ffdceee9000 	C:\WINDOWS\System32\KERNEL32.DLL
0x00007ffdccc30000 - 0x00007ffdcd021000 	C:\WINDOWS\System32\KERNELBASE.dll
0x00007ffdcdb90000 - 0x00007ffdcdcdb000 	C:\WINDOWS\System32\ucrtbase.dll
0x00007ffda9f50000 - 0x00007ffda9f68000 	c:\Users\MIGUEL DOLIC\.antigravity\extensions\redhat.java-1.54.0-win32-x64\jre\21.0.10-win32-x86_64\bin\jli.dll
0x00007ffdce520000 - 0x00007ffdce6e5000 	C:\WINDOWS\System32\USER32.dll
0x00007ffdcdab0000 - 0x00007ffdcdad7000 	C:\WINDOWS\System32\win32u.dll
0x00007ffdce080000 - 0x00007ffdce0ab000 	C:\WINDOWS\System32\GDI32.dll
0x00007ffdcc8e0000 - 0x00007ffdcca0b000 	C:\WINDOWS\System32\gdi32full.dll
0x00007ffda9f30000 - 0x00007ffda9f4e000 	c:\Users\MIGUEL DOLIC\.antigravity\extensions\redhat.java-1.54.0-win32-x64\jre\21.0.10-win32-x86_64\bin\VCRUNTIME140.dll
0x00007ffdcca10000 - 0x00007ffdccab3000 	C:\WINDOWS\System32\msvcp_win.dll
0x00007ffdb8000000 - 0x00007ffdb8293000 	C:\WINDOWS\WinSxS\amd64_microsoft.windows.common-controls_6595b64144ccf1df_6.0.26100.8037_none_3e092faae333b53b\COMCTL32.dll
0x00007ffdcf9e0000 - 0x00007ffdcfa89000 	C:\WINDOWS\System32\msvcrt.dll
0x00007ffdce4e0000 - 0x00007ffdce511000 	C:\WINDOWS\System32\IMM32.DLL
0x00007ffda9f20000 - 0x00007ffda9f2c000 	c:\Users\MIGUEL DOLIC\.antigravity\extensions\redhat.java-1.54.0-win32-x64\jre\21.0.10-win32-x86_64\bin\vcruntime140_1.dll
0x00007ffda9e90000 - 0x00007ffda9f1d000 	c:\Users\MIGUEL DOLIC\.antigravity\extensions\redhat.java-1.54.0-win32-x64\jre\21.0.10-win32-x86_64\bin\msvcp140.dll
0x00007ffcf4600000 - 0x00007ffcf53a1000 	c:\Users\MIGUEL DOLIC\.antigravity\extensions\redhat.java-1.54.0-win32-x64\jre\21.0.10-win32-x86_64\bin\server\jvm.dll
0x00007ffdced60000 - 0x00007ffdcee1b000 	C:\WINDOWS\System32\ADVAPI32.dll
0x00007ffdce710000 - 0x00007ffdce7b7000 	C:\WINDOWS\System32\sechost.dll
0x00007ffdcfde0000 - 0x00007ffdcfef8000 	C:\WINDOWS\System32\RPCRT4.dll
0x00007ffdcefd0000 - 0x00007ffdcf044000 	C:\WINDOWS\System32\WS2_32.dll
0x00007ffdcc5d0000 - 0x00007ffdcc62e000 	C:\WINDOWS\SYSTEM32\POWRPROF.dll
0x00007ffdc6cb0000 - 0x00007ffdc6ce5000 	C:\WINDOWS\SYSTEM32\WINMM.dll
0x00007ffdc6cf0000 - 0x00007ffdc6cfb000 	C:\WINDOWS\SYSTEM32\VERSION.dll
0x00007ffdcc5b0000 - 0x00007ffdcc5c4000 	C:\WINDOWS\SYSTEM32\UMPDC.dll
0x00007ffdcb5b0000 - 0x00007ffdcb5cb000 	C:\WINDOWS\SYSTEM32\kernel.appcore.dll
0x00007ffda9e80000 - 0x00007ffda9e8a000 	c:\Users\MIGUEL DOLIC\.antigravity\extensions\redhat.java-1.54.0-win32-x64\jre\21.0.10-win32-x86_64\bin\jimage.dll
0x00007ffdc0e50000 - 0x00007ffdc1092000 	C:\WINDOWS\SYSTEM32\DBGHELP.DLL
0x00007ffdcdcf0000 - 0x00007ffdce072000 	C:\WINDOWS\System32\combase.dll
0x00007ffdceef0000 - 0x00007ffdcefc7000 	C:\WINDOWS\System32\OLEAUT32.dll
0x00007ffdb28a0000 - 0x00007ffdb28db000 	C:\WINDOWS\SYSTEM32\dbgcore.DLL
0x00007ffdcdae0000 - 0x00007ffdcdb85000 	C:\WINDOWS\System32\bcryptPrimitives.dll
0x00007ffda9e70000 - 0x00007ffda9e7f000 	c:\Users\MIGUEL DOLIC\.antigravity\extensions\redhat.java-1.54.0-win32-x64\jre\21.0.10-win32-x86_64\bin\instrument.dll
0x00007ffda9e50000 - 0x00007ffda9e70000 	c:\Users\MIGUEL DOLIC\.antigravity\extensions\redhat.java-1.54.0-win32-x64\jre\21.0.10-win32-x86_64\bin\java.dll
0x00007ffdcf1c0000 - 0x00007ffdcf91f000 	C:\WINDOWS\System32\SHELL32.dll
0x00007ffdccac0000 - 0x00007ffdccc2a000 	C:\WINDOWS\System32\wintypes.dll
0x00007ffdcd030000 - 0x00007ffdcd894000 	C:\WINDOWS\System32\windows.storage.dll
0x00007ffdce170000 - 0x00007ffdce267000 	C:\WINDOWS\System32\SHCORE.dll
0x00007ffdcf150000 - 0x00007ffdcf1b7000 	C:\WINDOWS\System32\shlwapi.dll
0x00007ffdcc740000 - 0x00007ffdcc769000 	C:\WINDOWS\SYSTEM32\profapi.dll
0x00007ffda9e30000 - 0x00007ffda9e48000 	c:\Users\MIGUEL DOLIC\.antigravity\extensions\redhat.java-1.54.0-win32-x64\jre\21.0.10-win32-x86_64\bin\zip.dll

JVMTI agents:
c:\Users\MIGUEL DOLIC\.antigravity\extensions\redhat.java-1.54.0-win32-x64\lombok\lombok-1.18.39-4050.jar path:none, loaded, not initialized, instrumentlib options:none

dbghelp: loaded successfully - version: 4.0.5 - missing functions: none
symbol engine: initialized successfully - sym options: 0x614 - pdb path: .;c:\Users\MIGUEL DOLIC\.antigravity\extensions\redhat.java-1.54.0-win32-x64\jre\21.0.10-win32-x86_64\bin;C:\WINDOWS\SYSTEM32;C:\WINDOWS\WinSxS\amd64_microsoft.windows.common-controls_6595b64144ccf1df_6.0.26100.8037_none_3e092faae333b53b;c:\Users\MIGUEL DOLIC\.antigravity\extensions\redhat.java-1.54.0-win32-x64\jre\21.0.10-win32-x86_64\bin\server

VM Arguments:
jvm_args: --add-modules=ALL-SYSTEM --add-opens=java.base/java.util=ALL-UNNAMED --add-opens=java.base/java.lang=ALL-UNNAMED --add-opens=java.base/sun.nio.fs=ALL-UNNAMED -Declipse.application=org.eclipse.jdt.ls.core.id1 -Dosgi.bundles.defaultStartLevel=4 -Declipse.product=org.eclipse.jdt.ls.core.product -Djava.import.generatesMetadataFilesAtProjectRoot=false -DDetectVMInstallationsJob.disabled=true -Dfile.encoding=utf8 -XX:+UseParallelGC -XX:GCTimeRatio=4 -XX:AdaptiveSizePolicyWeight=90 -Dsun.zip.disableMemoryMapping=true -Xmx2G -Xms100m -Xlog:disable -javaagent:c:\Users\MIGUEL DOLIC\.antigravity\extensions\redhat.java-1.54.0-win32-x64\lombok\lombok-1.18.39-4050.jar 
java_command: c:\Users\MIGUEL DOLIC\.antigravity\extensions\redhat.java-1.54.0-win32-x64\server\plugins\org.eclipse.equinox.launcher_1.7.100.v20251111-0406.jar -configuration c:\Users\MIGUEL DOLIC\AppData\Roaming\Antigravity\User\globalStorage\redhat.java\1.54.0\config_ss_win -data c:\Users\MIGUEL DOLIC\AppData\Roaming\Antigravity\User\workspaceStorage\fb0a5e96052b0783de766bc45b650d95\redhat.java\ss_ws --pipe=\\.\pipe\lsp-74d4045eea0a2e9351535a58ceed6ae5-sock
java_class_path (initial): c:\Users\MIGUEL DOLIC\.antigravity\extensions\redhat.java-1.54.0-win32-x64\server\plugins\org.eclipse.equinox.launcher_1.7.100.v20251111-0406.jar
Launcher Type: SUN_STANDARD

[Global flags]
    uintx AdaptiveSizePolicyWeight                 = 90                                        {product} {command line}
     intx CICompilerCount                          = 3                                         {product} {ergonomic}
    uintx GCTimeRatio                              = 4                                         {product} {command line}
   size_t InitialHeapSize                          = 104857600                                 {product} {command line}
   size_t MaxHeapSize                              = 2147483648                                {product} {command line}
   size_t MaxNewSize                               = 715653120                                 {product} {ergonomic}
   size_t MinHeapDeltaBytes                        = 524288                                    {product} {ergonomic}
   size_t MinHeapSize                              = 104857600                                 {product} {command line}
   size_t NewSize                                  = 34603008                                  {product} {ergonomic}
    uintx NonNMethodCodeHeapSize                   = 5832780                                {pd product} {ergonomic}
    uintx NonProfiledCodeHeapSize                  = 122912730                              {pd product} {ergonomic}
   size_t OldSize                                  = 70254592                                  {product} {ergonomic}
    uintx ProfiledCodeHeapSize                     = 122912730                              {pd product} {ergonomic}
    uintx ReservedCodeCacheSize                    = 251658240                              {pd product} {ergonomic}
     bool SegmentedCodeCache                       = true                                      {product} {ergonomic}
   size_t SoftMaxHeapSize                          = 2147483648                             {manageable} {ergonomic}
     bool UseCompressedOops                        = true                           {product lp64_product} {ergonomic}
     bool UseLargePagesIndividualAllocation        = false                                  {pd product} {ergonomic}
     bool UseParallelGC                            = true                                      {product} {command line}

Logging:
Log output configuration:
 #0: stdout all=off uptime,level,tags foldmultilines=false
 #1: stderr all=off uptime,level,tags foldmultilines=false

Release file:
<release file has not been read>
Environment Variables:
JAVA_HOME=C:\Program Files\Java\jdk-17
PATH=C:\Program Files\Common Files\Oracle\Java\javapath;C:\WINDOWS\system32;C:\WINDOWS;C:\WINDOWS\System32\Wbem;C:\WINDOWS\System32\WindowsPowerShell\v1.0\;C:\WINDOWS\System32\OpenSSH\;C:\xampp\php\;C:\ProgramData\ComposerSetup\bin;C:\Program Files\Git\cmd;C:\Program Files\Java\jdk-17\bin;C:\Android\Sdk\platform-tools;C:\Android\Sdk\emulator;C:\Android\Sdk\cmdline-tools\latest\bin;C:\Android\Sdk\tools;C:\Android\Sdk\tools\bin;C:\Program Files\Java\jdk-17\bin;D:\programas\xampp\php;C:\Program Files\Docker\Docker\resources\bin;C:\Program Files\nodejs\;C:\Program Files (x86)\ZeroTier\One\;C:\Users\MIGUEL DOLIC\AppData\Local\Programs\Python\Python313\Scripts\;C:\Users\MIGUEL DOLIC\AppData\Local\Programs\Python\Python313\;C:\Users\MIGUEL DOLIC\AppData\Local\Microsoft\WindowsApps;C:\Users\MIGUEL DOLIC\AppData\Local\Programs\Microsoft VS Code\bin;C:\Users\MIGUEL DOLIC\AppData\Roaming\Composer\vendor\bin;C:\flutter\bin;C:\dart-sdk\bin;C:\Users\MIGUEL DOLIC\AppData\Roaming\npm;D:\AntiGravity\Antigravity\bin;D:\Android\Sdk\platform-tools
USERNAME=MIGUEL DOLIC
OS=Windows_NT
PROCESSOR_IDENTIFIER=AMD64 Family 23 Model 96 Stepping 1, AuthenticAMD
TMP=C:\Users\MIGUEL~1\AppData\Local\Temp
TEMP=C:\Users\MIGUEL~1\AppData\Local\Temp




Periodic native trim disabled

---------------  S Y S T E M  ---------------

OS:
 Windows 11 , 64 bit Build 26100 (10.0.26100.7920)
OS uptime: 0 days 1:34 hours
Hyper-V role detected

CPU: total 6 (initial active 6) (6 cores per cpu, 1 threads per core) family 23 model 96 stepping 1 microcode 0x8600106, cx8, cmov, fxsr, mmx, 3dnowpref, sse, sse2, sse3, ssse3, sse4a, sse4.1, sse4.2, popcnt, lzcnt, tsc, tscinvbit, avx, avx2, aes, clmul, bmi1, bmi2, adx, sha, fma, vzeroupper, clflush, clflushopt, hv, rdtscp, rdpid, f16c
Processor Information for the first 6 processors :
  Max Mhz: 2375, Current Mhz: 2375, Mhz Limit: 2375

Memory: 4k page, system-wide physical 15733M (2547M free)
TotalPageFile size 28916M (AvailPageFile size 6576M)
current process WorkingSet (physical memory assigned to process): 37M, peak: 37M
current process commit charge ("private bytes"): 212M, peak: 212M

vm_info: OpenJDK 64-Bit Server VM (21.0.10+7-LTS) for windows-amd64 JRE (21.0.10+7-LTS), built on 2026-01-20T00:00:00Z by "admin" with MS VC++ 17.12 (VS2022)

END.
